1) Connect to replica DB:
root@ip-10-2-10-172:~# mysql -h udacity-replica.c9dzftpc0wfo.us-west-2.rds.amazonaws.com -P 3306 -u admin -p
Enter password:
Welcome to the MySQL monitor.  Commands end with ; or \g.
Your MySQL connection id is 276
Server version: 8.0.32 Source distribution

Copyright (c) 2000, 2023, Oracle and/or its affiliates.

Oracle is a registered trademark of Oracle Corporation and/or its
affiliates. Other names may be trademarks of their respective
owners.

Type 'help;' or '\h' for help. Type '\c' to clear the current input statement.

2) Read databases
mysql> show databases;
+--------------------+
| Database           |
+--------------------+
| information_schema |
| mysql              |
| performance_schema |
| sys                |
| udacity            |
+--------------------+
5 rows in set (0.01 sec)

mysql> use udacity
Reading table information for completion of table and column names
You can turn off this feature to get a quicker startup with -A

Database changed
mysql> show tables;
+-------------------+
| Tables_in_udacity |
+-------------------+
| books             |
+-------------------+
1 row in set (0.00 sec)

mysql> select * from books;
+---------+--------------+-----------+--------------+-------------+
| book_id | title        | author    | publish_date | description |
+---------+--------------+-----------+--------------+-------------+
|       1 | LearnUdacity | MinhThanh | NULL         | NULL        |
+---------+--------------+-----------+--------------+-------------+
1 row in set (0.00 sec)

3) Cannot insert new record to replica DB
mysql> INSERT INTO books(`title`,`author`) VALUES ('LearnUdacity2' ,'MinhThanh2');
ERROR 1290 (HY000): The MySQL server is running with the --read-only option so it cannot execute this statement